// Jest Snapshot v1, https://goo.gl/fbAQLP

exports[`Testar o InitialScreen Snapshot 1`] = `
<div
  className="sc-fYxtnH jebFPh"
/>
`;
